This is pdfTeX, Version 3.141592653-2.6-1.40.27 (TeX Live 2025) (preloaded format=pdflatex 2025.10.25)  15 MAY 2026 16:29
entering extended mode
 restricted \write18 enabled.
 %&-line parsing enabled.
**levitation_lab_technical.tex
(./levitation_lab_technical.tex
LaTeX2e <2024-11-01> patch level 2
L3 programming layer <2025-01-18>
(/usr/local/texlive/2025/texmf-dist/tex/latex/base/article.cls
Document Class: article 2024/06/29 v1.4n Standard LaTeX document class
(/usr/local/texlive/2025/texmf-dist/tex/latex/base/size12.clo
File: size12.clo 2024/06/29 v1.4n Standard LaTeX file (size option)
)
\c@part=\count196
\c@section=\count197
\c@subsection=\count198
\c@subsubsection=\count199
\c@paragraph=\count266
\c@subparagraph=\count267
\c@figure=\count268
\c@table=\count269
\abovecaptionskip=\skip49
\belowcaptionskip=\skip50
\bibindent=\dimen141
)
(/usr/local/texlive/2025/texmf-dist/tex/latex/amsmath/amsmath.sty
Package: amsmath 2024/11/05 v2.17t AMS math features
\@mathmargin=\skip51

For additional information on amsmath, use the `?' option.
(/usr/local/texlive/2025/texmf-dist/tex/latex/amsmath/amstext.sty
Package: amstext 2021/08/26 v2.01 AMS text

(/usr/local/texlive/2025/texmf-dist/tex/latex/amsmath/amsgen.sty
File: amsgen.sty 1999/11/30 v2.0 generic functions
\@emptytoks=\toks17
\ex@=\dimen142
))
(/usr/local/texlive/2025/texmf-dist/tex/latex/amsmath/amsbsy.sty
Package: amsbsy 1999/11/29 v1.2d Bold Symbols
\pmbraise@=\dimen143
)
(/usr/local/texlive/2025/texmf-dist/tex/latex/amsmath/amsopn.sty
Package: amsopn 2022/04/08 v2.04 operator names
)
\inf@bad=\count270
LaTeX Info: Redefining \frac on input line 233.
\uproot@=\count271
\leftroot@=\count272
LaTeX Info: Redefining \overline on input line 398.
LaTeX Info: Redefining \colon on input line 409.
\classnum@=\count273
\DOTSCASE@=\count274
LaTeX Info: Redefining \ldots on input line 495.
LaTeX Info: Redefining \dots on input line 498.
LaTeX Info: Redefining \cdots on input line 619.
\Mathstrutbox@=\box52
\strutbox@=\box53
LaTeX Info: Redefining \big on input line 721.
LaTeX Info: Redefining \Big on input line 722.
LaTeX Info: Redefining \bigg on input line 723.
LaTeX Info: Redefining \Bigg on input line 724.
\big@size=\dimen144
LaTeX Font Info:    Redeclaring font encoding OML on input line 742.
LaTeX Font Info:    Redeclaring font encoding OMS on input line 743.
\macc@depth=\count275
LaTeX Info: Redefining \bmod on input line 904.
LaTeX Info: Redefining \pmod on input line 909.
LaTeX Info: Redefining \smash on input line 939.
LaTeX Info: Redefining \relbar on input line 969.
LaTeX Info: Redefining \Relbar on input line 970.
\c@MaxMatrixCols=\count276
\dotsspace@=\muskip17
\c@parentequation=\count277
\dspbrk@lvl=\count278
\tag@help=\toks18
\row@=\count279
\column@=\count280
\maxfields@=\count281
\andhelp@=\toks19
\eqnshift@=\dimen145
\alignsep@=\dimen146
\tagshift@=\dimen147
\tagwidth@=\dimen148
\totwidth@=\dimen149
\lineht@=\dimen150
\@envbody=\toks20
\multlinegap=\skip52
\multlinetaggap=\skip53
\mathdisplay@stack=\toks21
LaTeX Info: Redefining \[ on input line 2953.
LaTeX Info: Redefining \] on input line 2954.
)
(/usr/local/texlive/2025/texmf-dist/tex/latex/amsfonts/amssymb.sty
Package: amssymb 2013/01/14 v3.01 AMS font symbols

(/usr/local/texlive/2025/texmf-dist/tex/latex/amsfonts/amsfonts.sty
Package: amsfonts 2013/01/14 v3.01 Basic AMSFonts support
\symAMSa=\mathgroup4
\symAMSb=\mathgroup5
LaTeX Font Info:    Redeclaring math symbol \hbar on input line 98.
LaTeX Font Info:    Overwriting math alphabet `\mathfrak' in version `bold'
(Font)                  U/euf/m/n --> U/euf/b/n on input line 106.
))
(/usr/local/texlive/2025/texmf-dist/tex/latex/geometry/geometry.sty
Package: geometry 2020/01/02 v5.9 Page Geometry

(/usr/local/texlive/2025/texmf-dist/tex/latex/graphics/keyval.sty
Package: keyval 2022/05/29 v1.15 key=value parser (DPC)
\KV@toks@=\toks22
)
(/usr/local/texlive/2025/texmf-dist/tex/generic/iftex/ifvtex.sty
Package: ifvtex 2019/10/25 v1.7 ifvtex legacy package. Use iftex instead.

(/usr/local/texlive/2025/texmf-dist/tex/generic/iftex/iftex.sty
Package: iftex 2024/12/12 v1.0g TeX engine tests
))
\Gm@cnth=\count282
\Gm@cntv=\count283
\c@Gm@tempcnt=\count284
\Gm@bindingoffset=\dimen151
\Gm@wd@mp=\dimen152
\Gm@odd@mp=\dimen153
\Gm@even@mp=\dimen154
\Gm@layoutwidth=\dimen155
\Gm@layoutheight=\dimen156
\Gm@layouthoffset=\dimen157
\Gm@layoutvoffset=\dimen158
\Gm@dimlist=\toks23
)
(/usr/local/texlive/2025/texmf-dist/tex/latex/graphics/graphicx.sty
Package: graphicx 2021/09/16 v1.2d Enhanced LaTeX Graphics (DPC,SPQR)

(/usr/local/texlive/2025/texmf-dist/tex/latex/graphics/graphics.sty
Package: graphics 2024/08/06 v1.4g Standard LaTeX Graphics (DPC,SPQR)

(/usr/local/texlive/2025/texmf-dist/tex/latex/graphics/trig.sty
Package: trig 2023/12/02 v1.11 sin cos tan (DPC)
)
(/usr/local/texlive/2025/texmf-dist/tex/latex/graphics-cfg/graphics.cfg
File: graphics.cfg 2016/06/04 v1.11 sample graphics configuration
)
Package graphics Info: Driver file: pdftex.def on input line 106.

(/usr/local/texlive/2025/texmf-dist/tex/latex/graphics-def/pdftex.def
File: pdftex.def 2024/04/13 v1.2c Graphics/color driver for pdftex
))
\Gin@req@height=\dimen159
\Gin@req@width=\dimen160
)
(/usr/local/texlive/2025/texmf-dist/tex/latex/hyperref/hyperref.sty
Package: hyperref 2024-11-05 v7.01l Hypertext links for LaTeX

(/usr/local/texlive/2025/texmf-dist/tex/latex/kvsetkeys/kvsetkeys.sty
Package: kvsetkeys 2022-10-05 v1.19 Key value parser (HO)
)
(/usr/local/texlive/2025/texmf-dist/tex/generic/kvdefinekeys/kvdefinekeys.sty
Package: kvdefinekeys 2019-12-19 v1.6 Define keys (HO)
)
(/usr/local/texlive/2025/texmf-dist/tex/generic/pdfescape/pdfescape.sty
Package: pdfescape 2019/12/09 v1.15 Implements pdfTeX's escape features (HO)

(/usr/local/texlive/2025/texmf-dist/tex/generic/ltxcmds/ltxcmds.sty
Package: ltxcmds 2023-12-04 v1.26 LaTeX kernel commands for general use (HO)
)
(/usr/local/texlive/2025/texmf-dist/tex/generic/pdftexcmds/pdftexcmds.sty
Package: pdftexcmds 2020-06-27 v0.33 Utility functions of pdfTeX for LuaTeX (HO
)

(/usr/local/texlive/2025/texmf-dist/tex/generic/infwarerr/infwarerr.sty
Package: infwarerr 2019/12/03 v1.5 Providing info/warning/error messages (HO)
)
Package pdftexcmds Info: \pdf@primitive is available.
Package pdftexcmds Info: \pdf@ifprimitive is available.
Package pdftexcmds Info: \pdfdraftmode found.
))
(/usr/local/texlive/2025/texmf-dist/tex/latex/hycolor/hycolor.sty
Package: hycolor 2020-01-27 v1.10 Color options for hyperref/bookmark (HO)
)
(/usr/local/texlive/2025/texmf-dist/tex/latex/hyperref/nameref.sty
Package: nameref 2023-11-26 v2.56 Cross-referencing by name of section

(/usr/local/texlive/2025/texmf-dist/tex/latex/refcount/refcount.sty
Package: refcount 2019/12/15 v3.6 Data extraction from label references (HO)
)
(/usr/local/texlive/2025/texmf-dist/tex/generic/gettitlestring/gettitlestring.s
ty
Package: gettitlestring 2019/12/15 v1.6 Cleanup title references (HO)
 (/usr/local/texlive/2025/texmf-dist/tex/latex/kvoptions/kvoptions.sty
Package: kvoptions 2022-06-15 v3.15 Key value format for package options (HO)
))
\c@section@level=\count285
)
(/usr/local/texlive/2025/texmf-dist/tex/latex/etoolbox/etoolbox.sty
Package: etoolbox 2025/02/11 v2.5l e-TeX tools for LaTeX (JAW)
\etb@tempcnta=\count286
)
(/usr/local/texlive/2025/texmf-dist/tex/generic/stringenc/stringenc.sty
Package: stringenc 2019/11/29 v1.12 Convert strings between diff. encodings (HO
)
)
\@linkdim=\dimen161
\Hy@linkcounter=\count287
\Hy@pagecounter=\count288

(/usr/local/texlive/2025/texmf-dist/tex/latex/hyperref/pd1enc.def
File: pd1enc.def 2024-11-05 v7.01l Hyperref: PDFDocEncoding definition (HO)
Now handling font encoding PD1 ...
... no UTF-8 mapping file for font encoding PD1
)
(/usr/local/texlive/2025/texmf-dist/tex/generic/intcalc/intcalc.sty
Package: intcalc 2019/12/15 v1.3 Expandable calculations with integers (HO)
)
\Hy@SavedSpaceFactor=\count289

(/usr/local/texlive/2025/texmf-dist/tex/latex/hyperref/puenc.def
File: puenc.def 2024-11-05 v7.01l Hyperref: PDF Unicode definition (HO)
Now handling font encoding PU ...
... no UTF-8 mapping file for font encoding PU
)
Package hyperref Info: Option `colorlinks' set `true' on input line 4040.
Package hyperref Info: Hyper figures OFF on input line 4157.
Package hyperref Info: Link nesting OFF on input line 4162.
Package hyperref Info: Hyper index ON on input line 4165.
Package hyperref Info: Plain pages OFF on input line 4172.
Package hyperref Info: Backreferencing OFF on input line 4177.
Package hyperref Info: Implicit mode ON; LaTeX internals redefined.
Package hyperref Info: Bookmarks ON on input line 4424.
\c@Hy@tempcnt=\count290

(/usr/local/texlive/2025/texmf-dist/tex/latex/url/url.sty
\Urlmuskip=\muskip18
Package: url 2013/09/16  ver 3.4  Verb mode for urls, etc.
)
LaTeX Info: Redefining \url on input line 4763.
\XeTeXLinkMargin=\dimen162

(/usr/local/texlive/2025/texmf-dist/tex/generic/bitset/bitset.sty
Package: bitset 2019/12/09 v1.3 Handle bit-vector datatype (HO)

(/usr/local/texlive/2025/texmf-dist/tex/generic/bigintcalc/bigintcalc.sty
Package: bigintcalc 2019/12/15 v1.5 Expandable calculations on big integers (HO
)
))
\Fld@menulength=\count291
\Field@Width=\dimen163
\Fld@charsize=\dimen164
Package hyperref Info: Hyper figures OFF on input line 6042.
Package hyperref Info: Link nesting OFF on input line 6047.
Package hyperref Info: Hyper index ON on input line 6050.
Package hyperref Info: backreferencing OFF on input line 6057.
Package hyperref Info: Link coloring ON on input line 6060.
Package hyperref Info: Link coloring with OCG OFF on input line 6067.
Package hyperref Info: PDF/A mode OFF on input line 6072.

(/usr/local/texlive/2025/texmf-dist/tex/latex/base/atbegshi-ltx.sty
Package: atbegshi-ltx 2021/01/10 v1.0c Emulation of the original atbegshi
package with kernel methods
)
\Hy@abspage=\count292
\c@Item=\count293
\c@Hfootnote=\count294
)
Package hyperref Info: Driver (autodetected): hpdftex.

(/usr/local/texlive/2025/texmf-dist/tex/latex/hyperref/hpdftex.def
File: hpdftex.def 2024-11-05 v7.01l Hyperref driver for pdfTeX

(/usr/local/texlive/2025/texmf-dist/tex/latex/base/atveryend-ltx.sty
Package: atveryend-ltx 2020/08/19 v1.0a Emulation of the original atveryend pac
kage
with kernel methods
)
\Fld@listcount=\count295
\c@bookmark@seq@number=\count296

(/usr/local/texlive/2025/texmf-dist/tex/latex/rerunfilecheck/rerunfilecheck.sty
Package: rerunfilecheck 2022-07-10 v1.10 Rerun checks for auxiliary files (HO)

(/usr/local/texlive/2025/texmf-dist/tex/generic/uniquecounter/uniquecounter.sty
Package: uniquecounter 2019/12/15 v1.4 Provide unlimited unique counter (HO)
)
Package uniquecounter Info: New unique counter `rerunfilecheck' on input line 2
85.
)
\Hy@SectionHShift=\skip54
) (/usr/local/texlive/2025/texmf-dist/tex/latex/listings/listings.sty
\lst@mode=\count297
\lst@gtempboxa=\box54
\lst@token=\toks24
\lst@length=\count298
\lst@currlwidth=\dimen165
\lst@column=\count299
\lst@pos=\count300
\lst@lostspace=\dimen166
\lst@width=\dimen167
\lst@newlines=\count301
\lst@lineno=\count302
\lst@maxwidth=\dimen168

(/usr/local/texlive/2025/texmf-dist/tex/latex/listings/lstpatch.sty
File: lstpatch.sty 2024/09/23 1.10c (Carsten Heinz)
)
(/usr/local/texlive/2025/texmf-dist/tex/latex/listings/lstmisc.sty
File: lstmisc.sty 2024/09/23 1.10c (Carsten Heinz)
\c@lstnumber=\count303
\lst@skipnumbers=\count304
\lst@framebox=\box55
)
(/usr/local/texlive/2025/texmf-dist/tex/latex/listings/listings.cfg
File: listings.cfg 2024/09/23 1.10c listings configuration
))
Package: listings 2024/09/23 1.10c (Carsten Heinz)

(/usr/local/texlive/2025/texmf-dist/tex/latex/xcolor/xcolor.sty
Package: xcolor 2024/09/29 v3.02 LaTeX color extensions (UK)

(/usr/local/texlive/2025/texmf-dist/tex/latex/graphics-cfg/color.cfg
File: color.cfg 2016/01/02 v1.6 sample color configuration
)
Package xcolor Info: Driver file: pdftex.def on input line 274.

(/usr/local/texlive/2025/texmf-dist/tex/latex/graphics/mathcolor.ltx)
Package xcolor Info: Model `cmy' substituted by `cmy0' on input line 1349.
Package xcolor Info: Model `hsb' substituted by `rgb' on input line 1353.
Package xcolor Info: Model `RGB' extended on input line 1365.
Package xcolor Info: Model `HTML' substituted by `rgb' on input line 1367.
Package xcolor Info: Model `Hsb' substituted by `hsb' on input line 1368.
Package xcolor Info: Model `tHsb' substituted by `hsb' on input line 1369.
Package xcolor Info: Model `HSB' substituted by `hsb' on input line 1370.
Package xcolor Info: Model `Gray' substituted by `gray' on input line 1371.
Package xcolor Info: Model `wave' substituted by `hsb' on input line 1372.
)
(/usr/local/texlive/2025/texmf-dist/tex/latex/booktabs/booktabs.sty
Package: booktabs 2020/01/12 v1.61803398 Publication quality tables
\heavyrulewidth=\dimen169
\lightrulewidth=\dimen170
\cmidrulewidth=\dimen171
\belowrulesep=\dimen172
\belowbottomsep=\dimen173
\aboverulesep=\dimen174
\abovetopsep=\dimen175
\cmidrulesep=\dimen176
\cmidrulekern=\dimen177
\defaultaddspace=\dimen178
\@cmidla=\count305
\@cmidlb=\count306
\@aboverulesep=\dimen179
\@belowrulesep=\dimen180
\@thisruleclass=\count307
\@lastruleclass=\count308
\@thisrulewidth=\dimen181
)
(/usr/local/texlive/2025/texmf-dist/tex/latex/float/float.sty
Package: float 2001/11/08 v1.3d Float enhancements (AL)
\c@float@type=\count309
\float@exts=\toks25
\float@box=\box56
\@float@everytoks=\toks26
\@floatcapt=\box57
)
(/usr/local/texlive/2025/texmf-dist/tex/latex/parskip/parskip.sty
Package: parskip 2021-03-14 v2.0h non-zero parskip adjustments
)
(/usr/local/texlive/2025/texmf-dist/tex/latex/tools/array.sty
Package: array 2024/10/17 v2.6g Tabular extension package (FMi)
\col@sep=\dimen182
\ar@mcellbox=\box58
\extrarowheight=\dimen183
\NC@list=\toks27
\extratabsurround=\skip55
\backup@length=\skip56
\ar@cellbox=\box59
)
(/usr/local/texlive/2025/texmf-dist/tex/latex/tools/longtable.sty
Package: longtable 2024-10-27 v4.22 Multi-page Table package (DPC)
\LTleft=\skip57
\LTright=\skip58
\LTpre=\skip59
\LTpost=\skip60
\LTchunksize=\count310
\LTcapwidth=\dimen184
\LT@head=\box60
\LT@firsthead=\box61
\LT@foot=\box62
\LT@lastfoot=\box63
\LT@gbox=\box64
\LT@cols=\count311
\LT@rows=\count312
\c@LT@tables=\count313
\c@LT@chunks=\count314
\LT@p@ftn=\toks28
)
(/usr/local/texlive/2025/texmf-dist/tex/latex/caption/caption.sty
Package: caption 2023/08/05 v3.6o Customizing captions (AR)

(/usr/local/texlive/2025/texmf-dist/tex/latex/caption/caption3.sty
Package: caption3 2023/07/31 v2.4d caption3 kernel (AR)
\caption@tempdima=\dimen185
\captionmargin=\dimen186
\caption@leftmargin=\dimen187
\caption@rightmargin=\dimen188
\caption@width=\dimen189
\caption@indent=\dimen190
\caption@parindent=\dimen191
\caption@hangindent=\dimen192
Package caption Info: Standard document class detected.
)
\c@caption@flags=\count315
\c@continuedfloat=\count316
Package caption Info: float package is loaded.
Package caption Info: hyperref package is loaded.
Package caption Info: listings package is loaded.
Package caption Info: longtable package is loaded.

(/usr/local/texlive/2025/texmf-dist/tex/latex/caption/ltcaption.sty
Package: ltcaption 2021/01/08 v1.4c longtable captions (AR)
))
(/usr/local/texlive/2025/texmf-dist/tex/latex/caption/subcaption.sty
Package: subcaption 2023/07/28 v1.6b Sub-captions (AR)
Package caption Info: New subtype `subfigure' on input line 238.
\c@subfigure=\count317
Package caption Info: New subtype `subtable' on input line 238.
\c@subtable=\count318
)
(/usr/local/texlive/2025/texmf-dist/tex/latex/mathtools/mathtools.sty
Package: mathtools 2024/10/04 v1.31 mathematical typesetting tools

(/usr/local/texlive/2025/texmf-dist/tex/latex/tools/calc.sty
Package: calc 2023/07/08 v4.3 Infix arithmetic (KKT,FJ)
\calc@Acount=\count319
\calc@Bcount=\count320
\calc@Adimen=\dimen193
\calc@Bdimen=\dimen194
\calc@Askip=\skip61
\calc@Bskip=\skip62
LaTeX Info: Redefining \setlength on input line 80.
LaTeX Info: Redefining \addtolength on input line 81.
\calc@Ccount=\count321
\calc@Cskip=\skip63
)
(/usr/local/texlive/2025/texmf-dist/tex/latex/mathtools/mhsetup.sty
Package: mhsetup 2021/03/18 v1.4 programming setup (MH)
)
\g_MT_multlinerow_int=\count322
\l_MT_multwidth_dim=\dimen195
\origjot=\skip64
\l_MT_shortvdotswithinadjustabove_dim=\dimen196
\l_MT_shortvdotswithinadjustbelow_dim=\dimen197
\l_MT_above_intertext_sep=\dimen198
\l_MT_below_intertext_sep=\dimen199
\l_MT_above_shortintertext_sep=\dimen256
\l_MT_below_shortintertext_sep=\dimen257
\xmathstrut@box=\box65
\xmathstrut@dim=\dimen258
)
(/usr/local/texlive/2025/texmf-dist/tex/latex/l3backend/l3backend-pdftex.def
File: l3backend-pdftex.def 2024-05-08 L3 backend support: PDF output (pdfTeX)
\l__color_backend_stack_int=\count323
\l__pdf_internal_box=\box66
)
(./levitation_lab_technical.aux)
\openout1 = `levitation_lab_technical.aux'.

LaTeX Font Info:    Checking defaults for OML/cmm/m/it on input line 69.
LaTeX Font Info:    ... okay on input line 69.
LaTeX Font Info:    Checking defaults for OMS/cmsy/m/n on input line 69.
LaTeX Font Info:    ... okay on input line 69.
LaTeX Font Info:    Checking defaults for OT1/cmr/m/n on input line 69.
LaTeX Font Info:    ... okay on input line 69.
LaTeX Font Info:    Checking defaults for T1/cmr/m/n on input line 69.
LaTeX Font Info:    ... okay on input line 69.
LaTeX Font Info:    Checking defaults for TS1/cmr/m/n on input line 69.
LaTeX Font Info:    ... okay on input line 69.
LaTeX Font Info:    Checking defaults for OMX/cmex/m/n on input line 69.
LaTeX Font Info:    ... okay on input line 69.
LaTeX Font Info:    Checking defaults for U/cmr/m/n on input line 69.
LaTeX Font Info:    ... okay on input line 69.
LaTeX Font Info:    Checking defaults for PD1/pdf/m/n on input line 69.
LaTeX Font Info:    ... okay on input line 69.
LaTeX Font Info:    Checking defaults for PU/pdf/m/n on input line 69.
LaTeX Font Info:    ... okay on input line 69.

*geometry* driver: auto-detecting
*geometry* detected driver: pdftex
*geometry* verbose mode - [ preamble ] result:
* driver: pdftex
* paper: a4paper
* layout: <same size as paper>
* layoutoffset:(h,v)=(0.0pt,0.0pt)
* modes: 
* h-part:(L,W,R)=(71.13188pt, 455.24411pt, 71.13188pt)
* v-part:(T,H,B)=(71.13188pt, 702.78308pt, 71.13188pt)
* \paperwidth=597.50787pt
* \paperheight=845.04684pt
* \textwidth=455.24411pt
* \textheight=702.78308pt
* \oddsidemargin=-1.1381pt
* \evensidemargin=-1.1381pt
* \topmargin=-38.1381pt
* \headheight=12.0pt
* \headsep=25.0pt
* \topskip=12.0pt
* \footskip=30.0pt
* \marginparwidth=35.0pt
* \marginparsep=10.0pt
* \columnsep=10.0pt
* \skip\footins=10.8pt plus 4.0pt minus 2.0pt
* \hoffset=0.0pt
* \voffset=0.0pt
* \mag=1000
* \@twocolumnfalse
* \@twosidefalse
* \@mparswitchfalse
* \@reversemarginfalse
* (1in=72.27pt=25.4mm, 1cm=28.453pt)

(/usr/local/texlive/2025/texmf-dist/tex/context/base/mkii/supp-pdf.mkii
[Loading MPS to PDF converter (version 2006.09.02).]
\scratchcounter=\count324
\scratchdimen=\dimen259
\scratchbox=\box67
\nofMPsegments=\count325
\nofMParguments=\count326
\everyMPshowfont=\toks29
\MPscratchCnt=\count327
\MPscratchDim=\dimen260
\MPnumerator=\count328
\makeMPintoPDFobject=\count329
\everyMPtoPDFconversion=\toks30
) (/usr/local/texlive/2025/texmf-dist/tex/latex/epstopdf-pkg/epstopdf-base.sty
Package: epstopdf-base 2020-01-24 v2.11 Base part for package epstopdf
Package epstopdf-base Info: Redefining graphics rule for `.eps' on input line 4
85.

(/usr/local/texlive/2025/texmf-dist/tex/latex/latexconfig/epstopdf-sys.cfg
File: epstopdf-sys.cfg 2010/07/13 v1.3 Configuration of (r)epstopdf for TeX Liv
e
))
Package hyperref Info: Link coloring ON on input line 69.

(./levitation_lab_technical.out) (./levitation_lab_technical.out)
\@outlinefile=\write3
\openout3 = `levitation_lab_technical.out'.

\c@lstlisting=\count330
Package caption Info: Begin \AtBeginDocument code.
Package caption Info: End \AtBeginDocument code.


[1

{/usr/local/texlive/2025/texmf-var/fonts/map/pdftex/updmap/pdftex.map}]
(./levitation_lab_technical.toc
LaTeX Font Info:    Trying to load font information for U+msa on input line 3.

(/usr/local/texlive/2025/texmf-dist/tex/latex/amsfonts/umsa.fd
File: umsa.fd 2013/01/14 v3.01 AMS symbols A
)
LaTeX Font Info:    Trying to load font information for U+msb on input line 3.

(/usr/local/texlive/2025/texmf-dist/tex/latex/amsfonts/umsb.fd
File: umsb.fd 2013/01/14 v3.01 AMS symbols B
)


pdfTeX warning (ext4): destination with the same identifier (name{page.1}) has 
been already used, duplicate ignored
<to be read again> 
                   \relax 
l.42 ....3}Stroboscopic Mode}{11}{subsection.10.3}
                                                  % [1])
\tf@toc=\write4
\openout4 = `levitation_lab_technical.toc'.



[2]

[3

{/usr/local/texlive/2025/texmf-dist/fonts/enc/dvips/cm-super/cm-super-ts1.enc}]


[4]

[5]

[6]

[7]
<icons/btnProcGrowth.png, id=457, 40.15pt x 40.15pt>
File: icons/btnProcGrowth.png Graphic file (type png)
<use icons/btnProcGrowth.png>
Package pdftex.def Info: icons/btnProcGrowth.png  used on input line 442.
(pdftex.def)             Requested size: 14.09987pt x 14.09981pt.


[8 <./icons/btnProcGrowth.png>]

[9]
Overfull \hbox (36.48405pt too wide) in paragraph at lines 553--557
\OT1/cmr/m/n/12 Each globe is as-signed an or-bit with semi-major axis from the
 se-quence $[11\OML/cmm/m/it/12 ; \OT1/cmr/m/n/12 17\OML/cmm/m/it/12 ; \OT1/cmr
/m/n/12 24\OML/cmm/m/it/12 ; \OT1/cmr/m/n/12 31\OML/cmm/m/it/12 ; \OT1/cmr/m/n/
12 37\OML/cmm/m/it/12 ; \OT1/cmr/m/n/12 42\OML/cmm/m/it/12 ; \OT1/cmr/m/n/12 50
] []$
 []



[10]
<icons/btnProcSlowMo.png, id=491, 40.15pt x 40.15pt>
File: icons/btnProcSlowMo.png Graphic file (type png)
<use icons/btnProcSlowMo.png>
Package pdftex.def Info: icons/btnProcSlowMo.png  used on input line 626.
(pdftex.def)             Requested size: 14.09987pt x 14.09981pt.
<icons/btnSysStrobe.png, id=492, 40.15pt x 40.15pt>
File: icons/btnSysStrobe.png Graphic file (type png)
<use icons/btnSysStrobe.png>
Package pdftex.def Info: icons/btnSysStrobe.png  used on input line 637.
(pdftex.def)             Requested size: 14.09987pt x 14.09981pt.


[11 <./icons/btnProcSlowMo.png> <./icons/btnSysStrobe.png>]

[12]

Package hyperref Warning: Token not allowed in a PDF string (Unicode):
(hyperref)                removing `math shift' on input line 751.


Package hyperref Warning: Token not allowed in a PDF string (Unicode):
(hyperref)                removing `subscript' on input line 751.


Package hyperref Warning: Token not allowed in a PDF string (Unicode):
(hyperref)                removing `math shift' on input line 751.



[13]
<icons/btnCollect.png, id=524, 40.15pt x 40.15pt>
File: icons/btnCollect.png Graphic file (type png)
<use icons/btnCollect.png>
Package pdftex.def Info: icons/btnCollect.png  used on input line 782.
(pdftex.def)             Requested size: 14.09987pt x 14.09981pt.


LaTeX Warning: Command \textdegree invalid in math mode on input line 794.


LaTeX Warning: Command \textdegree invalid in math mode on input line 794.

Missing character: There is no ° in font cmr12!
<icons/btnProcDouble.png, id=525, 40.15pt x 40.15pt>
File: icons/btnProcDouble.png Graphic file (type png)
<use icons/btnProcDouble.png>
Package pdftex.def Info: icons/btnProcDouble.png  used on input line 830.
(pdftex.def)             Requested size: 14.09987pt x 14.09981pt.

LaTeX Warning: Command \textdegree invalid in math mode on input line 831.


LaTeX Warning: Command \textdegree invalid in math mode on input line 831.

Missing character: There is no ° in font cmr12!


[14 <./icons/btnCollect.png> <./icons/btnProcDouble.png>]

LaTeX Warning: Command \textdegree invalid in math mode on input line 842.


LaTeX Warning: Command \textdegree invalid in math mode on input line 842.

Missing character: There is no ° in font cmr12!
<icons/winNP.png, id=537, 40.15pt x 40.15pt>
File: icons/winNP.png Graphic file (type png)
<use icons/winNP.png>
Package pdftex.def Info: icons/winNP.png  used on input line 857.
(pdftex.def)             Requested size: 14.09987pt x 14.09981pt.
<icons/winVT.png, id=538, 40.15pt x 40.15pt>
File: icons/winVT.png Graphic file (type png)
<use icons/winVT.png>
Package pdftex.def Info: icons/winVT.png  used on input line 860.
(pdftex.def)             Requested size: 14.09987pt x 14.09981pt.

Underfull \hbox (badness 10000) in paragraph at lines 861--864
[]|\OT1/cmr/m/n/12 Mean ter-mi-nal ve-loc-ity $[] \OMS/cmsy/m/n/12 2
 []


Underfull \hbox (badness 2057) in paragraph at lines 861--864
\OMS/cmsy/m/n/12 f\OT1/cmr/m/n/12 2\OML/cmm/m/it/12 ; \OT1/cmr/m/n/12 5\OML/cmm
/m/it/12 ; \OT1/cmr/m/n/12 10\OML/cmm/m/it/12 ; \OT1/cmr/m/n/12 20\OML/cmm/m/it
/12 ; \OT1/cmr/m/n/12 30\OML/cmm/m/it/12 ; \OT1/cmr/m/n/12 40\OML/cmm/m/it/12 ;
 \OT1/cmr/m/n/12 50\OMS/cmsy/m/n/12 g []$\OT1/cmr/m/n/12 . Larger $\OML/cmm/m/i
t/12 v[]$ \OT1/cmr/m/n/12 pro-
 []

<icons/winSpread.png, id=539, 40.15pt x 40.15pt>
File: icons/winSpread.png Graphic file (type png)
<use icons/winSpread.png>
Package pdftex.def Info: icons/winSpread.png  used on input line 864.
(pdftex.def)             Requested size: 14.09987pt x 14.09981pt.

Underfull \hbox (badness 10000) in paragraph at lines 865--868
[]|\OT1/cmr/m/n/12 Relative Gaus-sian spread $\OML/cmm/m/it/12 s \OMS/cmsy/m/n/
12 2
 []

<icons/winDT.png, id=540, 40.15pt x 40.15pt>
File: icons/winDT.png Graphic file (type png)
<use icons/winDT.png>
Package pdftex.def Info: icons/winDT.png  used on input line 868.
(pdftex.def)             Requested size: 14.09987pt x 14.09981pt.
<icons/btnStart.png, id=541, 40.15pt x 40.15pt>
File: icons/btnStart.png Graphic file (type png)
<use icons/btnStart.png>
Package pdftex.def Info: icons/btnStart.png  used on input line 884.
(pdftex.def)             Requested size: 14.09987pt x 14.09981pt.
<icons/btnSound.png, id=542, 40.15pt x 40.15pt>
File: icons/btnSound.png Graphic file (type png)
<use icons/btnSound.png>
Package pdftex.def Info: icons/btnSound.png  used on input line 887.
(pdftex.def)             Requested size: 14.09987pt x 14.09981pt.
<icons/btnOmegaCtl.png, id=543, 40.15pt x 40.15pt>
File: icons/btnOmegaCtl.png Graphic file (type png)
<use icons/btnOmegaCtl.png>
Package pdftex.def Info: icons/btnOmegaCtl.png  used on input line 889.
(pdftex.def)             Requested size: 14.09987pt x 14.09981pt.
<icons/btnTrails.png, id=544, 40.15pt x 40.15pt>
File: icons/btnTrails.png Graphic file (type png)
<use icons/btnTrails.png>
Package pdftex.def Info: icons/btnTrails.png  used on input line 893.
(pdftex.def)             Requested size: 14.09987pt x 14.09981pt.
<icons/btnLaser.png, id=545, 40.15pt x 40.15pt>
File: icons/btnLaser.png Graphic file (type png)
<use icons/btnLaser.png>
Package pdftex.def Info: icons/btnLaser.png  used on input line 897.
(pdftex.def)             Requested size: 14.09987pt x 14.09981pt.
<icons/btnMicro.png, id=546, 40.15pt x 40.15pt>
File: icons/btnMicro.png Graphic file (type png)
<use icons/btnMicro.png>
Package pdftex.def Info: icons/btnMicro.png  used on input line 902.
(pdftex.def)             Requested size: 14.09987pt x 14.09981pt.
<icons/btnChart.png, id=548, 40.15pt x 40.15pt>
File: icons/btnChart.png Graphic file (type png)
<use icons/btnChart.png>
Package pdftex.def Info: icons/btnChart.png  used on input line 905.
(pdftex.def)             Requested size: 14.09987pt x 14.09981pt.
<icons/btnTheme.png, id=549, 40.15pt x 40.15pt>
File: icons/btnTheme.png Graphic file (type png)
<use icons/btnTheme.png>
Package pdftex.def Info: icons/btnTheme.png  used on input line 907.
(pdftex.def)             Requested size: 14.09987pt x 14.09981pt.
<icons/btnGameMode.png, id=550, 40.15pt x 40.15pt>
File: icons/btnGameMode.png Graphic file (type png)
<use icons/btnGameMode.png>
Package pdftex.def Info: icons/btnGameMode.png  used on input line 910.
(pdftex.def)             Requested size: 14.09987pt x 14.09981pt.
<icons/btnChallenge.png, id=552, 40.15pt x 40.15pt>
File: icons/btnChallenge.png Graphic file (type png)
<use icons/btnChallenge.png>
Package pdftex.def Info: icons/btnChallenge.png  used on input line 912.
(pdftex.def)             Requested size: 14.09987pt x 14.09981pt.
<icons/btnManual.png, id=554, 40.15pt x 40.15pt>
File: icons/btnManual.png Graphic file (type png)
<use icons/btnManual.png>
Package pdftex.def Info: icons/btnManual.png  used on input line 914.
(pdftex.def)             Requested size: 14.09987pt x 14.09981pt.
<icons/btnReset.png, id=555, 40.15pt x 40.15pt>
File: icons/btnReset.png Graphic file (type png)
<use icons/btnReset.png>
Package pdftex.def Info: icons/btnReset.png  used on input line 916.
(pdftex.def)             Requested size: 14.09987pt x 14.09981pt.

Underfull \hbox (badness 1590) in paragraph at lines 917--919
[]|\OT1/cmr/m/n/12 Clears all par-ti-cles, ag-gre-gates, peb-bles, and
 []

[15 <./icons/winNP.png> <./icons/winVT.png> <./icons/winSpread.png> <./icons/wi
nDT.png> <./icons/btnStart.png> <./icons/btnSound.png> <./icons/btnOmegaCtl.png
>]
<icons/btnVtProj.png, id=572, 40.15pt x 40.15pt>
File: icons/btnVtProj.png Graphic file (type png)
<use icons/btnVtProj.png>
Package pdftex.def Info: icons/btnVtProj.png  used on input line 941.
(pdftex.def)             Requested size: 14.09987pt x 14.09981pt.
<icons/btnFlashOrbit.png, id=574, 40.15pt x 40.15pt>
File: icons/btnFlashOrbit.png Graphic file (type png)
<use icons/btnFlashOrbit.png>
Package pdftex.def Info: icons/btnFlashOrbit.png  used on input line 946.
(pdftex.def)             Requested size: 14.09987pt x 14.09981pt.
<icons/btnAggEncounters.png, id=575, 40.15pt x 40.15pt>
File: icons/btnAggEncounters.png Graphic file (type png)
<use icons/btnAggEncounters.png>
Package pdftex.def Info: icons/btnAggEncounters.png  used on input line 950.
(pdftex.def)             Requested size: 14.09987pt x 14.09981pt.
<icons/btnVtDist.png, id=576, 40.15pt x 40.15pt>
File: icons/btnVtDist.png Graphic file (type png)
<use icons/btnVtDist.png>
Package pdftex.def Info: icons/btnVtDist.png  used on input line 953.
(pdftex.def)             Requested size: 14.09987pt x 14.09981pt.
<icons/btnAggHist.png, id=577, 40.15pt x 40.15pt>
File: icons/btnAggHist.png Graphic file (type png)
<use icons/btnAggHist.png>
Package pdftex.def Info: icons/btnAggHist.png  used on input line 956.
(pdftex.def)             Requested size: 14.09987pt x 14.09981pt.
<icons/btnSysSolidMap.png, id=578, 40.15pt x 40.15pt>
File: icons/btnSysSolidMap.png Graphic file (type png)
<use icons/btnSysSolidMap.png>
Package pdftex.def Info: icons/btnSysSolidMap.png  used on input line 958.
(pdftex.def)             Requested size: 14.09987pt x 14.09981pt.
<icons/btnHudMaster.png, id=579, 40.15pt x 40.15pt>
File: icons/btnHudMaster.png Graphic file (type png)
<use icons/btnHudMaster.png>
Package pdftex.def Info: icons/btnHudMaster.png  used on input line 962.
(pdftex.def)             Requested size: 14.09987pt x 14.09981pt.

Overfull \hbox (19.14592pt too wide) in alignment at lines 937--969
 [] [] [] 
 []

[16 <./icons/btnTrails.png> <./icons/btnLaser.png> <./icons/btnMicro.png> <./ic
ons/btnChart.png> <./icons/btnTheme.png> <./icons/btnGameMode.png> <./icons/btn
Challenge.png> <./icons/btnManual.png> <./icons/btnReset.png> <./icons/btnVtPro
j.png> <./icons/btnFlashOrbit.png>]
<icons/btnProcInvinc.png, id=596, 40.15pt x 40.15pt>
File: icons/btnProcInvinc.png Graphic file (type png)
<use icons/btnProcInvinc.png>
Package pdftex.def Info: icons/btnProcInvinc.png  used on input line 977.
(pdftex.def)             Requested size: 14.09987pt x 14.09981pt.
<icons/btnProcPeb.png, id=597, 40.15pt x 40.15pt>
File: icons/btnProcPeb.png Graphic file (type png)
<use icons/btnProcPeb.png>
Package pdftex.def Info: icons/btnProcPeb.png  used on input line 981.
(pdftex.def)             Requested size: 14.09987pt x 14.09981pt.
File: icons/btnProcDouble.png Graphic file (type png)
<use icons/btnProcDouble.png>
Package pdftex.def Info: icons/btnProcDouble.png  used on input line 984.
(pdftex.def)             Requested size: 14.09987pt x 14.09981pt.


LaTeX Warning: Command \textdegree invalid in math mode on input line 985.


LaTeX Warning: Command \textdegree invalid in math mode on input line 985.

Missing character: There is no ° in font cmr12!
<icons/btnProcPureV.png, id=598, 40.15pt x 40.15pt>
File: icons/btnProcPureV.png Graphic file (type png)
<use icons/btnProcPureV.png>
Package pdftex.def Info: icons/btnProcPureV.png  used on input line 987.
(pdftex.def)             Requested size: 14.09987pt x 14.09981pt.
<icons/btnProcAgg.png, id=599, 40.15pt x 40.15pt>
File: icons/btnProcAgg.png Graphic file (type png)
<use icons/btnProcAgg.png>
Package pdftex.def Info: icons/btnProcAgg.png  used on input line 991.
(pdftex.def)             Requested size: 14.09987pt x 14.09981pt.
File: icons/btnProcGrowth.png Graphic file (type png)
<use icons/btnProcGrowth.png>
Package pdftex.def Info: icons/btnProcGrowth.png  used on input line 996.
(pdftex.def)             Requested size: 14.09987pt x 14.09981pt.

Overfull \hbox (3.77788pt too wide) in alignment at lines 973--1007
 [] [] [] 
 []

[17 <./icons/btnAggEncounters.png> <./icons/btnVtDist.png> <./icons/btnAggHist.
png> <./icons/btnSysSolidMap.png> <./icons/btnHudMaster.png> <./icons/btnProcIn
vinc.png> <./icons/btnProcPeb.png> <./icons/btnProcPureV.png> <./icons/btnProcA
gg.png>]
<icons/btnDistMenu.png, id=614, 40.15pt x 40.15pt>
File: icons/btnDistMenu.png Graphic file (type png)
<use icons/btnDistMenu.png>
Package pdftex.def Info: icons/btnDistMenu.png  used on input line 1015.
(pdftex.def)             Requested size: 14.09987pt x 14.09981pt.
<icons/btnSysAutoOmega.png, id=616, 40.15pt x 40.15pt>
File: icons/btnSysAutoOmega.png Graphic file (type png)
<use icons/btnSysAutoOmega.png>
Package pdftex.def Info: icons/btnSysAutoOmega.png  used on input line 1019.
(pdftex.def)             Requested size: 14.09987pt x 14.09981pt.
File: icons/btnCollect.png Graphic file (type png)
<use icons/btnCollect.png>
Package pdftex.def Info: icons/btnCollect.png  used on input line 1028.
(pdftex.def)             Requested size: 14.09987pt x 14.09981pt.
<icons/btnSpeedReset.png, id=618, 40.15pt x 40.15pt>
File: icons/btnSpeedReset.png Graphic file (type png)
<use icons/btnSpeedReset.png>
Package pdftex.def Info: icons/btnSpeedReset.png  used on input line 1032.
(pdftex.def)             Requested size: 14.09987pt x 14.09981pt.
File: icons/btnSysStrobe.png Graphic file (type png)
<use icons/btnSysStrobe.png>
Package pdftex.def Info: icons/btnSysStrobe.png  used on input line 1035.
(pdftex.def)             Requested size: 14.09987pt x 14.09981pt.
File: icons/btnProcSlowMo.png Graphic file (type png)
<use icons/btnProcSlowMo.png>
Package pdftex.def Info: icons/btnProcSlowMo.png  used on input line 1037.
(pdftex.def)             Requested size: 14.09987pt x 14.09981pt.
<icons/btnProcFast.png, id=619, 40.15pt x 40.15pt>
File: icons/btnProcFast.png Graphic file (type png)
<use icons/btnProcFast.png>
Package pdftex.def Info: icons/btnProcFast.png  used on input line 1041.
(pdftex.def)             Requested size: 14.09987pt x 14.09981pt.
 [18 <./icons/btnDistMenu.png> <./icons/btnSysAutoOmega.png> <./icons/btnSpeedR
eset.png> <./icons/btnProcFast.png>]
LaTeX Font Info:    Trying to load font information for OMS+cmtt on input line 
1125.
LaTeX Font Info:    No file OMScmtt.fd. on input line 1125.


LaTeX Font Warning: Font shape `OMS/cmtt/m/n' undefined
(Font)              using `OMS/cmsy/m/n' instead
(Font)              for symbol `textbraceleft' on input line 1125.



[19] (/usr/local/texlive/2025/texmf-dist/tex/latex/listings/lstlang1.sty
File: lstlang1.sty 2024/09/23 1.10c listings language file
)
Underfull \hbox (badness 1237) in paragraph at lines 1205--1207
[]|\OT1/cmr/m/n/12 Two-note (880 and $1320 []$) sine arpeg-gio with $150 []$
 []



[20] [21]
Overfull \hbox (21.61884pt too wide) in paragraph at lines 1258--1260
[]\OT1/cmr/m/n/12 Multiple pa-ram-e-ters can be com-bined: e.g. \OT1/cmtt/m/n/1
2 ?expert&game=3 \OT1/cmr/m/n/12 or \OT1/cmtt/m/n/12 ?modern&challenge&np=1000\
OT1/cmr/m/n/12 . 
 []

[22]

[23]
LaTeX Font Info:    Font shape `OT1/cmtt/bx/n' in size <14.4> not available
(Font)              Font shape `OT1/cmtt/m/n' tried instead on input line 1376.

 (/usr/local/texlive/2025/texmf-dist/tex/latex/listings/lstlang1.sty
File: lstlang1.sty 2024/09/23 1.10c listings language file
)
(/usr/local/texlive/2025/texmf-dist/tex/latex/listings/lstmisc.sty
File: lstmisc.sty 2024/09/23 1.10c (Carsten Heinz)
)

[24] (./levitation_lab_technical.aux)
 ***********
LaTeX2e <2024-11-01> patch level 2
L3 programming layer <2025-01-18>
 ***********


LaTeX Font Warning: Some font shapes were not available, defaults substituted.

Package rerunfilecheck Info: File `levitation_lab_technical.out' has not change
d.
(rerunfilecheck)             Checksum: 1FFD3920ABD02F570A1CA3DA7DFDD1D0;12161.
 ) 
Here is how much of TeX's memory you used:
 15721 strings out of 473190
 246716 string characters out of 5715799
 1100338 words of memory out of 5000000
 38599 multiletter control sequences out of 15000+600000
 570636 words of font info for 81 fonts, out of 8000000 for 9000
 1141 hyphenation exceptions out of 8191
 75i,10n,79p,535b,1416s stack positions out of 10000i,1000n,20000p,200000b,200000s
</usr/local/texlive/2025/texmf-dist/fonts/type1/public/amsfonts/cm/cmbx12.pfb
></usr/local/texlive/2025/texmf-dist/fonts/type1/public/amsfonts/cm/cmex10.pfb>
</usr/local/texlive/2025/texmf-dist/fonts/type1/public/amsfonts/cm/cmmi10.pfb><
/usr/local/texlive/2025/texmf-dist/fonts/type1/public/amsfonts/cm/cmmi12.pfb></
usr/local/texlive/2025/texmf-dist/fonts/type1/public/amsfonts/cm/cmmi6.pfb></us
r/local/texlive/2025/texmf-dist/fonts/type1/public/amsfonts/cm/cmmi8.pfb></usr/
local/texlive/2025/texmf-dist/fonts/type1/public/amsfonts/cm/cmr10.pfb></usr/lo
cal/texlive/2025/texmf-dist/fonts/type1/public/amsfonts/cm/cmr12.pfb></usr/loca
l/texlive/2025/texmf-dist/fonts/type1/public/amsfonts/cm/cmr17.pfb></usr/local/
texlive/2025/texmf-dist/fonts/type1/public/amsfonts/cm/cmr8.pfb></usr/local/tex
live/2025/texmf-dist/fonts/type1/public/amsfonts/cm/cmsy10.pfb></usr/local/texl
ive/2025/texmf-dist/fonts/type1/public/amsfonts/cm/cmsy8.pfb></usr/local/texliv
e/2025/texmf-dist/fonts/type1/public/amsfonts/cm/cmti12.pfb></usr/local/texlive
/2025/texmf-dist/fonts/type1/public/amsfonts/cm/cmtt10.pfb></usr/local/texlive/
2025/texmf-dist/fonts/type1/public/amsfonts/cm/cmtt12.pfb></usr/local/texlive/2
025/texmf-dist/fonts/type1/public/amsfonts/symbols/msam10.pfb></usr/local/texli
ve/2025/texmf-dist/fonts/type1/public/cm-super/sfrm1200.pfb>
Output written on levitation_lab_technical.pdf (25 pages, 331483 bytes).
PDF statistics:
 800 PDF objects out of 1000 (max. 8388607)
 660 compressed objects within 7 object streams
 191 named destinations out of 1000 (max. 500000)
 781 words of extra memory for PDF output out of 10000 (max. 10000000)

